Aaru Filesystem Tester (Setter) 4.5.99.2020
Copyright (C) 2011-2021 Natalia Portillo
==============================================
Log started on Wed Apr 28 23:29:26 2021


Parameters: ./fssetter --log /Volume label/
Running in BeOS (ia32)

Running under BeOS R5.0
Volume information:
	Path: /Volume label/
		Volume is removable.
		Volume written data persists when the device is off.
		Volume supports the MIME typing system.
		Volume supports extended attributes.
		Volume supports queries.
Creating attributes files.
	File with no permissions: name = "NONE", rc = 0, cRc = 0
	File with set-user-ID: name = "04000", rc = 0, cRc = 0
	File with set-group-ID: name = "02000", rc = 0, cRc = 0
	File with sticky bit: name = "01000", rc = 0, cRc = 0
	File with read by owner: name = "00400", rc = 0, cRc = 0
	File with write by owner: name = "00200", rc = 0, cRc = 0
	File with execute by owner: name = "00100", rc = 0, cRc = 0
	File with read by group: name = "00040", rc = 0, cRc = 0
	File with write by group: name = "00020", rc = 0, cRc = 0
	File with execute by group: name = "00010", rc = 0, cRc = 0
	File with read by others: name = "00004", rc = 0, cRc = 0
	File with write by others: name = "00002", rc = 0, cRc = 0
	File with execute by others: name = "00001", rc = 0, cRc = 0
Creating files with extended attributes.
	File with an extended attribute called "comment", rc = 0, cRc = 0
	File with an extended attribute called "BEOS:L:STD_ICON", rc = 0, cRc = 0
Creating files with different filenames.
	File name = "FILNAM", rc = 0, wRc = 0, cRc = 0
	File name = "FILNAM.EXT", rc = 0, wRc = 0, cRc = 0
	File name = "FILENAME", rc = 0, wRc = 0, cRc = 0
	File name = "FILENAME.EXT", rc = 0, wRc = 0, cRc = 0
	File name = "UPPCAS", rc = 0, wRc = 0, cRc = 0
	File name = "lowcas", rc = 0, wRc = 0, cRc = 0
	File name = "UPPER.low", rc = 0, wRc = 0, cRc = 0
	File name = "lower.UP", rc = 0, wRc = 0, cRc = 0
	File name = "CamUpr", rc = 0, wRc = 0, cRc = 0
	File name = "Dromed", rc = 0, wRc = 0, cRc = 0
	File name = "droMed", rc = 0, wRc = 0, cRc = 0
	File name = "FIL NA", rc = 0, wRc = 0, cRc = 0
	File name = " FILNA", rc = 0, wRc = 0, cRc = 0
	File name = "FILNA ", rc = 0, wRc = 0, cRc = 0
	File name = "FILE. XT", rc = 0, wRc = 0, cRc = 0
	File name = "FILE .EXT", rc = 0, wRc = 0, cRc = 0
	File name = "FILE . XT", rc = 0, wRc = 0, cRc = 0
	File name = "Fourteen_Chars", rc = 0, wRc = 0, cRc = 0
	File name = "FifteenCharacts", rc = 0, wRc = 0, cRc = 0
	File name = "Sixteen_Characts", rc = 0, wRc = 0, cRc = 0
	File name = "Twenty_One_Characters", rc = 0, wRc = 0, cRc = 0
	File name = "This name has thirty charactrs", rc = -2147459065, wRc = 0, cRc = 0
	File name = "This name has thirty one chactrs", rc = -2147459065, wRc = 0, cRc = 0
	File name = "This name has thirty two chacters", rc = -2147459065, wRc = 0, cRc = 0
	File name = "This filename has fourty four characterrs", rc = -2147459065, wRc = 0, cRc = 0
	File name = "This filename has sixty three characters like a lazy dromedaire", rc = -2147459065, wRc = 0, cRc = 0
	File name = "This filename has sixty four characters like a redy lazy fox dog", rc = -2147459065, wRc = 0, cRc = 0
	File name = "This filename has one hundred twenty eight characters and once upon a time in a place which name you must buy the book yetnotget", rc = -2147459065, wRc = 0, cRc = 0
	File name = "This filename has two hundred thirty six characters and once upon a time in a place which name i have no desire to call to mind there lived not long since one of those gentlemen that keep a lance and well you know it so go and read its", rc = -2147459065, wRc = 0, cRc = 0
	File name = "This filename has two hundred fourty eight characters and once upon a time in a place which name i have no desire to call to mind there lived not long since one of those gentlemen that keep a lance and well you know it so go and read the book yout", rc = -2147459065, wRc = 0, cRc = 0
	File name = "This filename has two hundred fifty three characters and once upon a time in a place which name i have no desire to call to mind there lived not long since one of those gentlemen that keep a lance and well you know it so go and read the book as you get", rc = -2147459065, wRc = 0, cRc = 0
	File name = "This filename has two hundred fifty four characters and once upon a time in a place which name i have no desire to call to mind there lived not long since one of those gentlemen that keep a lance and well you know it so go and read the book as you mustd", rc = -2147459065, wRc = 0, cRc = 0
	File name = "This filename has two hundred fifty five characters and once upon a time in a place which name i have no desire to call to mind there lived not long since one of those gentlemen that keep a lance and well you know it so go and read the book as you mustdo", rc = -2147459065, wRc = 0, cRc = 0
	File name = "This filename has two hundred fifty six characters and once upon a time in a place which name i have no desire to call to mind there lived not long since one of those gentlemen that keep a lance and well you know it so go and read the book as you must get", rc = -2147459065, wRc = 0, cRc = 0
	File name = "?NM?E?", rc = -2147459065, wRc = 0, cRc = 0
	File name = "N!A!M!", rc = -2147459065, wRc = 0, cRc = 0
	File name = "NA/ME", rc = -2147459069, wRc = 0, cRc = 0
	File name = "NA\ME", rc = -2147459065, wRc = 0, cRc = 0
	File name = "'QUOT'", rc = -2147459065, wRc = 0, cRc = 0
	File name = ""QUOT"", rc = -2147459065, wRc = 0, cRc = 0
	File name = "NA>ME>", rc = -2147459065, wRc = 0, cRc = 0
	File name = "N<AME<", rc = -2147459065, wRc = 0, cRc = 0
	File name = "NA%%ME", rc = -2147459065, wRc = 0, cRc = 0
	File name = "N*A*ME", rc = -2147459065, wRc = 0, cRc = 0
	File name = "NA:ME", rc = -2147459065, wRc = 0, cRc = 0
	File name = "N|AME|", rc = -2147459065, wRc = 0, cRc = 0
	File name = "N.A.ME", rc = -2147459065, wRc = 0, cRc = 0
	File name = ".NAME", rc = -2147459065, wRc = 0, cRc = 0
	File name = "NAME.", rc = -2147459065, wRc = 0, cRc = 0
	File name = "..NAME", rc = -2147459065, wRc = 0, cRc = 0
	File name = "NAME..", rc = -2147459065, wRc = 0, cRc = 0
	File name = "N$ME", rc = -2147459065, wRc = 0, cRc = 0
	File name = "N@ME@", rc = -2147459065, wRc = 0, cRc = 0
	File name = "NAM#", rc = -2147459065, wRc = 0, cRc = 0
	File name = "NA-ME", rc = -2147459065, wRc = 0, cRc = 0
	File name = "_NAME_", rc = -2147459065, wRc = 0, cRc = 0
Error -2147459065 creating working directory.
Error -2147459065 creating working directory.
Error -2147459065 creating working directory.
Error -2147459065 creating working directory.
Error -2147459065 creating working directory.
Error -2147459065 creating working directory.
Error -2147459065 creating working directory.
Volume information:
	Path: /Volume label/
		Volume is removable.
		Volume written data persists when the device is off.
		Volume supports the MIME typing system.
		Volume supports extended attributes.
		Volume supports queries.
==============================================
Log finished on Wed Apr 28 23:29:26 2021

==============================================

